foo sànni bal	(TRAJ_FF_BD_16kHz_noiseReduced_1)
kii faay wàcc fa heegoon ba da wàccaat	(TRAJ_FF_BD_16kHz_noiseReduced_100)
kii faay héegaat	(TRAJ_FF_BD_16kHz_noiseReduced_104)
góor ak jigéen lañ fañ toog may na ko banaana	(TRAJ_FF_BD_16kHz_noiseReduced_105)
góor  gi faay waaxu ci ñax mi jem ci jigéen ji jigéen ji faay nelaw	(TRAJ_FF_BD_16kHz_noiseReduced_106)
faay summi mbub mi	(TRAJ_FF_BD_16kHz_noiseReduced_107)
fa sol ñaari mbubbu	(TRAJ_FF_BD_16kHz_noiseReduced_108)
fa ko tëhe	(TRAJ_FF_BD_16kHz_noiseReduced_109)
yeen ñi feen ci kow doj yi	(TRAJ_FF_BD_16kHz_noiseReduced_11)
faay daw	(TRAJ_FF_BD_16kHz_noiseReduced_110)
faay solaat mbumb mi	(TRAJ_FF_BD_16kHz_noiseReduced_112)
waaw sol na ko ba pare	(TRAJ_FF_BD_16kHz_noiseReduced_113)
faay waaxu ci ñax mi rekk	(TRAJ_FF_BD_16kHz_noiseReduced_115)
xawma fum jëm	(TRAJ_FF_BD_16kHz_noiseReduced_116)
kii faay firi	(TRAJ_FF_BD_16kHz_noiseReduced_118)
faay jarat	(TRAJ_FF_BD_16kHz_noiseReduced_119)
kii fa taxaw wéew ci doj ci weñ gi	(TRAJ_FF_BD_16kHz_noiseReduced_12)
fa daw héeg ci garab daan gi jéggi na ko	(TRAJ_FF_BD_16kHz_noiseReduced_121)
jigéen gi faay summi mbubb mi fa toog	(TRAJ_FF_BD_16kHz_noiseReduced_122)
xam naa fa tàng	(TRAJ_FF_BD_16kHz_noiseReduced_123)
gune gaa ngee dox da dikk	(TRAJ_FF_BD_16kHz_noiseReduced_124)
faay daw jigéen ji fay daw de	(TRAJ_FF_BD_16kHz_noiseReduced_127)
jigéen ji fa dox dug ci ko dugub	(TRAJ_FF_BD_16kHz_noiseReduced_13)
jigéen gi fa may ndox mi góor gi	(TRAJ_FF_BD_16kHz_noiseReduced_14)
jigéen gi faay maabu	(TRAJ_FF_BD_16kHz_noiseReduced_15)
fa dox duggu ci biir garab yi	(TRAJ_FF_BD_16kHz_noiseReduced_16)
ñii ñoom nëpp a bëgg a duggu ci ndox mi	(TRAJ_FF_BD_16kHz_noiseReduced_17)
jigéen ji dafa tëdd ci ñax mi góor gaa nge dox da dem	(TRAJ_FF_BD_16kHz_noiseReduced_18)
jigéen gaa ngee dox ci biir garab yi	(TRAJ_FF_BD_16kHz_noiseReduced_19)
góor gi fa daw héeg tëb xeer wi	(TRAJ_FF_BD_16kHz_noiseReduced_20)
góor gi faay dox dugg ci garab yi	(TRAJ_FF_BD_16kHz_noiseReduced_22)
góor gaŋ ci biir garab yi	(TRAJ_FF_BD_16kHz_noiseReduced_23)
faay dox jëm ci garab yi	(TRAJ_FF_BD_16kHz_noiseReduced_24)
faay leem malaan mi	(TRAJ_FF_BD_16kHz_noiseReduced_26)
fa duggu ci biir garab yi	(TRAJ_FF_BD_16kHz_noiseReduced_28)
gune gi héggalat na cI yi	(TRAJ_FF_BD_16kHz_noiseReduced_29)
jigéen jii faay lal malaan	(TRAJ_FF_BD_16kHz_noiseReduced_3)
fa lal basaa bi da	(TRAJ_FF_BD_16kHz_noiseReduced_30)
mu ngaa naan ndox	(TRAJ_FF_BD_16kHz_noiseReduced_31)
mu ne hut héeg ci doj wi tëb dug ci ndox mi	(TRAJ_FF_BD_16kHz_noiseReduced_32)
héeg ci doj wi rekk tëb dal di suuf da daw	(TRAJ_FF_BD_16kHz_noiseReduced_33)
góor gi fa toog ci suuf jël karne bi da bind	(TRAJ_FF_BD_16kHz_noiseReduced_34)
gune faay tëb ci doj wi	(TRAJ_FF_BD_16kHz_noiseReduced_35)
góor ñeek jigéen ñi fañu toog góor gi romb na leen	(TRAJ_FF_BD_16kHz_noiseReduced_36)
jigéen gi fa ngëb siwo bi dugg ci nax mi	(TRAJ_FF_BD_16kHz_noiseReduced_4)
gune gaa ngee fo arekk	(TRAJ_FF_BD_16kHz_noiseReduced_40)
fañoo bal góor geek jigéen	(TRAJ_FF_BD_16kHz_noiseReduced_41)
fa daw duggu ci ndox mi	(TRAJ_FF_BD_16kHz_noiseReduced_42)
jigéen ji faay dugg ci nax mi	(TRAJ_FF_BD_16kHz_noiseReduced_43)
jigéen ji fa lal basaa bi ba pare toog ci	(TRAJ_FF_BD_16kHz_noiseReduced_44)
kii fa tëdd ci ñax mi da  nelaw	(TRAJ_FF_BD_16kHz_noiseReduced_45)
fañoo dox ci biir garab yi	(TRAJ_FF_BD_16kHz_noiseReduced_46)
kii faay dox haw ci yoon wi	(TRAJ_FF_BD_16kHz_noiseReduced_47)
faay héeg ci kow	(TRAJ_FF_BD_16kHz_noiseReduced_49)
gune gi fa héeg ci doj wi	(TRAJ_FF_BD_16kHz_noiseReduced_5)
fa génn cI ñax mi	(TRAJ_FF_BD_16kHz_noiseReduced_50)
faay sangu ci ndox mi	(TRAJ_FF_BD_16kHz_noiseReduced_51)
faay daw	(TRAJ_FF_BD_16kHz_noiseReduced_52)
faay dox solut mbub	(TRAJ_FF_BD_16kHz_noiseReduced_53)
góor gi faay dem romb na pañe bi	(TRAJ_FF_BD_16kHz_noiseReduced_54)
fañoo dox da dem jigéen ñi	(TRAJ_FF_BD_16kHz_noiseReduced_55)
héeg nañ ci kow wàccaat	(TRAJ_FF_BD_16kHz_noiseReduced_56)
ñetti jigéen ñi fañ saxaw ci kow ci weñ gi	(TRAJ_FF_BD_16kHz_noiseReduced_57)
góor ga fa leen rombu	(TRAJ_FF_BD_16kHz_noiseReduced_58)
faay dox da dem	(TRAJ_FF_BD_16kHz_noiseReduced_59)
jigéen ji faay dox ci ñax mi	(TRAJ_FF_BD_16kHz_noiseReduced_6)
jigéen ji faay dox ci ñax mi	(TRAJ_FF_BD_16kHz_noiseReduced_65)
faay lekk banaana	(TRAJ_FF_BD_16kHz_noiseReduced_66)
kii faay dox ci ñax mi da dem ci garab yi	(TRAJ_FF_BD_16kHz_noiseReduced_67)
jigéen ji fa génnee ci garab yi	(TRAJ_FF_BD_16kHz_noiseReduced_69)
duggaat na ci biir garab yi	(TRAJ_FF_BD_16kHz_noiseReduced_70)
faay daw góor gi	(TRAJ_FF_BD_16kHz_noiseReduced_71)
faay daw rombu garab gi	(TRAJ_FF_BD_16kHz_noiseReduced_72)
faay dox ci kow ñax mi mu ngaay waaxu	(TRAJ_FF_BD_16kHz_noiseReduced_73)
fa jaat ci yoon wi	(TRAJ_FF_BD_16kHz_noiseReduced_75)
mu ngi waaxu bëgg a héeeg ci doj wi	(TRAJ_FF_BD_16kHz_noiseReduced_76)
jigéen gi fa génnee f lëndëm faay waaxu reg nag	(TRAJ_FF_BD_16kHz_noiseReduced_77)
jigéen ji fa jël siwo bi héeg	(TRAJ_FF_BD_16kHz_noiseReduced_8)
fa ne ci garab gi de góor gi fa ham lu mooy dagg	(TRAJ_FF_BD_16kHz_noiseReduced_80)
fa mel ni doom la	(TRAJ_FF_BD_16kHz_noiseReduced_82)
jigéen ji faay daw yi rombu na garab gi	(TRAJ_FF_BD_16kHz_noiseReduced_83)
faay simmi dàll yi	(TRAJ_FF_BD_16kHz_noiseReduced_84)
fa héeg ci basaa bi taxaw	(TRAJ_FF_BD_16kHz_noiseReduced_85)
faay solaat dàll yi	(TRAJ_FF_BD_16kHz_noiseReduced_86)
solaat na ko ba pare	(TRAJ_FF_BD_16kHz_noiseReduced_87)
jigéen ji faay waaxu da dem daan	(TRAJ_FF_BD_16kHz_noiseReduced_89)
góor geek jigéen ji fañoo bal	(TRAJ_FF_BD_16kHz_noiseReduced_9)
kée fa héeg ci doj wi	(TRAJ_FF_BD_16kHz_noiseReduced_90)
keneen gune gi héegaat na ci	(TRAJ_FF_BD_16kHz_noiseReduced_91)
kii fa duggu ci biir toolab mboqu bi	(TRAJ_FF_BD_16kHz_noiseReduced_92)
faay wax darombu yoon wi	(TRAJ_FF_BD_16kHz_noiseReduced_93)
kii fa toog ci pegg ndox mi la toog mu ngaay sànni	(TRAJ_FF_BD_16kHz_noiseReduced_95)
picci	(TRAJ_FF_BD_16kHz_noiseReduced_96)
kii faay waaxu cI ñax  mi de fa taxaw ci garab gi	(TRAJ_FF_BD_16kHz_noiseReduced_98)
