ku góor ak jigéen ñu ngi sàneente a bal	(TRAJ_WW_EHD_16kHz_noiseCancelling_1)
xale bu góor baa ngi tëdd ci ñax mi di nelaw	(TRAJ_WW_EHD_16kHz_noiseCancelling_10)
xale bu góor baa ngi romb ci gannaaw garab gi	(TRAJ_WW_EHD_16kHz_noiseCancelling_11)
ndaw saa ngi toog ci ñax mi di peñe wu	(TRAJ_WW_EHD_16kHz_noiseCancelling_12)
xale bu góor baa ngi jaar ci yoon wi leeru tund wi	(TRAJ_WW_EHD_16kHz_noiseCancelling_13)
xale yu jigéen yaa ngi jéggi pom bi	(TRAJ_WW_EHD_16kHz_noiseCancelling_14)
xale bu góor baa ngi cëppéelu ci biir géej gi	(TRAJ_WW_EHD_16kHz_noiseCancelling_15)
xale bu góor baa ngi xuus ci ndox mi	(TRAJ_WW_EHD_16kHz_noiseCancelling_16)
xale bu góor baa ngi jëm ci ndaw su jigéen si tëdd ci ñax mi	(TRAJ_WW_EHD_16kHz_noiseCancelling_17)
xale bu góor baa ngi witt xobi garab gi	(TRAJ_WW_EHD_16kHz_noiseCancelling_18)
ndaw saa ngi jëmsi ci garab gi	(TRAJ_WW_EHD_16kHz_noiseCancelling_19)
soxna saa ngi lal mbalaanam di waaja toog	(TRAJ_WW_EHD_16kHz_noiseCancelling_2)
xale bu góor bi romb na nit ñi dugg ci biir xunt mi	(TRAJ_WW_EHD_16kHz_noiseCancelling_20)
ndaw saa ngi door bal bi ak tànkam	(TRAJ_WW_EHD_16kHz_noiseCancelling_21)
ndaw su jigéen saa ngi dëddu garabi di dem	(TRAJ_WW_EHD_16kHz_noiseCancelling_22)
xale bu góor baa ngi romb di daw	(TRAJ_WW_EHD_16kHz_noiseCancelling_23)
xale bu jigéen bi génn na ci xunt mi jël pañe bi duggaat	(TRAJ_WW_EHD_16kHz_noiseCancelling_25)
xale bu góor bi dooraat na bal bi mu dem ci xale bu jigéen bi	(TRAJ_WW_EHD_16kHz_noiseCancelling_26)
ndaw saa ngi ñàbb sag dugg ci tool bi	(TRAJ_WW_EHD_16kHz_noiseCancelling_27)
xale bu góor baa ngiy dugg ci àll bi	(TRAJ_WW_EHD_16kHz_noiseCancelling_28)
xale bu góor bi cëppéeloo na ci xeer bi di daw	(TRAJ_WW_EHD_16kHz_noiseCancelling_29)
xale bu góor baa ngi wàcc ci tund wi	(TRAJ_WW_EHD_16kHz_noiseCancelling_3)
ndaw si séddoo na banaana bi ak xale bu góor bi	(TRAJ_WW_EHD_16kHz_noiseCancelling_30)
xale bu jigéen baa ngi toog di létt boppam	(TRAJ_WW_EHD_16kHz_noiseCancelling_31)
xale bu jigéen bi génn na ci àll bi di dem	(TRAJ_WW_EHD_16kHz_noiseCancelling_32)
xale bu góor bi tëb na xeer wi	(TRAJ_WW_EHD_16kHz_noiseCancelling_33)
xaleelu góor baa ngiy jëgg pom bi di dem romb ñett xale yu jigéen	(TRAJ_WW_EHD_16kHz_noiseCancelling_34)
xale jigéen baa ngi sottil ndox xale bu góor bi ci kaas bi mu naan	(TRAJ_WW_EHD_16kHz_noiseCancelling_35)
xale bu jigéen baa ngi jóge ci garab gi di daw	(TRAJ_WW_EHD_16kHz_noiseCancelling_36)
xale bu góor gi romb na pañe bi tege mu dugg ci biir xunt mi	(TRAJ_WW_EHD_16kHz_noiseCancelling_37)
xale bu jigéen bi génn na ci àll bi jéggi yoon wi di dem	(TRAJ_WW_EHD_16kHz_noiseCancelling_38)
xale bu góor baa ngiy dugg ci àll bi	(TRAJ_WW_EHD_16kHz_noiseCancelling_39)
xale bu góor bi génn na ci géej gi	(TRAJ_WW_EHD_16kHz_noiseCancelling_4)
xale bu góor baa ngi jaar ci yoon wi daw	(TRAJ_WW_EHD_16kHz_noiseCancelling_40)
xale bu jigéen bi génne na ci xunt bi jaar si yoon wi dem	(TRAJ_WW_EHD_16kHz_noiseCancelling_41)
xale bu góor baa ngiy wéeru ci garab gi nàbb ab livre di liir	(TRAJ_WW_EHD_16kHz_noiseCancelling_42)
xale bu jigéen baa ngiy jaar ci yoon wi di yéeg xunt wi	(TRAJ_WW_EHD_16kHz_noiseCancelling_43)
xale bu jigéen bi lem na yére yi	(TRAJ_WW_EHD_16kHz_noiseCancelling_44)
xale bu jigéen baa ngi génne ci xunt bi yéeg eskale yi	(TRAJ_WW_EHD_16kHz_noiseCancelling_45)
xale bu jigéen baa ngiy jaar ci yoon wi di ñów	(TRAJ_WW_EHD_16kHz_noiseCancelling_46)
xale bu jigéen baa ngiy jaar yoon wi jëm ci biir xunt mi	(TRAJ_WW_EHD_16kHz_noiseCancelling_47)
xale bu jigéen baa ngi romb ci kanamu garab gi	(TRAJ_WW_EHD_16kHz_noiseCancelling_48)
xale bu jigéen baa ngi jóge ci yoon wi di ñów	(TRAJ_WW_EHD_16kHz_noiseCancelling_49)
ku góor ki ma ngi naan ndox	(TRAJ_WW_EHD_16kHz_noiseCancelling_5)
ñetti nit joge nanu ci yóon wi jàdd seen ndeyjoor	(TRAJ_WW_EHD_16kHz_noiseCancelling_50)
xale bu jigéen baa ngi xale bu góor baa ngi summiku	(TRAJ_WW_EHD_16kHz_noiseCancelling_51)
xale bu jigéen bi génne na ci tool bi naab ab pañe	(TRAJ_WW_EHD_16kHz_noiseCancelling_52)
xale bu góor du tëb na yéeg ci kow xeer wi	(TRAJ_WW_EHD_16kHz_noiseCancelling_53)
xale bu góor bi génne na ci xunt wi taxaw ci wetu morom xale bu góor bi	(TRAJ_WW_EHD_16kHz_noiseCancelling_54)
xale bu jigéen baa ngi wàcc iskale taxaw ci kanamu ndox mi	(TRAJ_WW_EHD_16kHz_noiseCancelling_55)
xale bu jigéen baa ngi jéggi pom bi romb xale bu góor bi taxaw	(TRAJ_WW_EHD_16kHz_noiseCancelling_56)
xale bu jigéen baa ngi wàcc iskale taxaw ci kanam ndox mi	(TRAJ_WW_EHD_16kHz_noiseCancelling_57)
xale bu góor baa ngi génne ci àll bi	(TRAJ_WW_EHD_16kHz_noiseCancelling_58)
xale bu góor baa ngi jóge ci wetu ndaw si tëdd cii ñax mi di dem	(TRAJ_WW_EHD_16kHz_noiseCancelling_59)
ndaw saa ngi génne ci ndox mi di yéeg iskale yi	(TRAJ_WW_EHD_16kHz_noiseCancelling_6)
xale bu góor baa ngi jéggi yoon wi dugg ci àll bi	(TRAJ_WW_EHD_16kHz_noiseCancelling_60)
xale bu jigéen baa ngi jaar ci ginnaaw garab gi di daw	(TRAJ_WW_EHD_16kHz_noiseCancelling_61)
xale bu góor ba weer garab gi di lekk banaana	(TRAJ_WW_EHD_16kHz_noiseCancelling_63)
xale bu góor baa ngi jonkan ci wetu ndow mi di sàne kanaara yi ñu lekk	(TRAJ_WW_EHD_16kHz_noiseCancelling_64)
xale bu jigéen baa ngi romb dugg ci àll bi	(TRAJ_WW_EHD_16kHz_noiseCancelling_65)
xale bu jigéen baa ngi yéeg iskale yi	(TRAJ_WW_EHD_16kHz_noiseCancelling_66)
xale bu góor baa ngi tëb taxaw ci weneen xeer	(TRAJ_WW_EHD_16kHz_noiseCancelling_67)
xale bu jigéen baa ngi sol ay dàllam	(TRAJ_WW_EHD_16kHz_noiseCancelling_68)
xale bu góor baa ngi génne ci xunt mi di jéggat xeer yi	(TRAJ_WW_EHD_16kHz_noiseCancelling_69)
xale bu jigéen baa ngi wàcc iskale yi dugg ci biir xunt mi	(TRAJ_WW_EHD_16kHz_noiseCancelling_7)
xale bu jigéen baa ngi daw jaar ci kanamu garab gi	(TRAJ_WW_EHD_16kHz_noiseCancelling_70)
ndaw saa ngi summi dàllam taxaw ci kow basan bi	(TRAJ_WW_EHD_16kHz_noiseCancelling_71)
xale bu góor baa ngi sol ay yéreem	(TRAJ_WW_EHD_16kHz_noiseCancelling_73)
xale bu jigéen baa ngiy duggsi ci xunt mi	(TRAJ_WW_EHD_16kHz_noiseCancelling_75)
xale bu góor baa ngi jéggi xéer yi dugg ci xunt wi	(TRAJ_WW_EHD_16kHz_noiseCancelling_76)
xale bu jigéen baa ngi summiku	(TRAJ_WW_EHD_16kHz_noiseCancelling_77)
xale bu jigéen baa ngi génne ci xunt wi	(TRAJ_WW_EHD_16kHz_noiseCancelling_79)
xale bu góor bi tëb na dëx gi	(TRAJ_WW_EHD_16kHz_noiseCancelling_8)
xale bu jigéen bi toog na ci kow nàpp bi	(TRAJ_WW_EHD_16kHz_noiseCancelling_81)
xale bu jigéen baa ngiy dox taxaw wetu garab bi	(TRAJ_WW_EHD_16kHz_noiseCancelling_82)
nit ñaa ngi ànd jéggi yoon wi	(TRAJ_WW_EHD_16kHz_noiseCancelling_83)
xale bu góor baa ngiy jaar ci kow pom bi	(TRAJ_WW_EHD_16kHz_noiseCancelling_9)
