itama ingila bata kayatar da 'yan kallo ba (HA018_1)
da suka wuce ya tafi kasar (HA018_2)
kuma ya kware kan HArkokin (HA018_3)
sHA giya a kofin junansu (HA018_4)
na duk duniya wato kasar sin (HA018_5)
na sami irin wannan dama da yawa (HA018_6)
samun amfanin gona mai armashi (HA018_7)
kasar sin suka shiga tsibirin (HA018_8)
babu lokacin hunturu a nan sanya (HA018_9)
HAkikanan abubuwa sun sHAida (HA018_10)
yawo a kasar sin wurare masu yawo (HA018_11)
a wani sashen na binciken an ambata cewa (HA018_12)
da ake kira fitilar ruwa ya (HA018_13)
to ku shirya wa yaki (HA018_14)
kuma sau tari sun kafa nasarori ga daular (HA018_15)
kudu ya taka muhimmiyar rawa (HA018_16)
aka kafa majalisar kasa ta farko a iran (HA018_17)
a cimma cewa za a kyautata (HA018_18)
wajen aiki da ya shugabanci (HA018_19)
ganye da karfi kuma cikin (HA018_20)
da ya sa a kan kira wasan (HA018_21)
da ba su mutu ba suka sauka (HA018_22)
wannan kalimar itace asirin watan ramadan ga baki daya (HA018_23)
wurin mai tsarki na addinin (HA018_24)
ta HAnyar jawo jarin kasashen (HA018_25)
a jiya ranar hudu ga wata (HA018_26)
yana da kyan karkara wanda ya kan burge mutane (HA018_27)
na karnin da ya shige taki (HA018_28)
itatuwan da aka samu a wannan (HA018_29)
ya tashi daga garin kan sHAnu (HA018_30)
kasar sin babbar abokiyar afrika ce a fannin cinikayya (HA018_31)
a yanayin rani ma kura ba (HA018_32)
ya HAna shi cikin gaggawa (HA018_33)
da dodanni da gumaka da farar (HA018_34)
na gwamnati sun kai fiye da (HA018_35)
ganawa tsakanin shugabannin sin da amurka (HA018_36)
domin sanin me ake ciki a wadannan kasashe (HA018_37)
taliban a pakistan ta tabbatar da mutuwar shugabanta (HA018_38)
ya ce ina farin ciki sosai (HA018_39)
da zarar jin HAka sai sarki (HA018_40)
a cikin zuciyarsa amma babu (HA018_41)
da wannan kuma giyar madara (HA018_42)
iya rike mulki ba saboda yana (HA018_43)
kuma a kara inganta manyan ayyuka (HA018_44)
amma abin bakin ciki shi (HA018_45)
wanda ke da tsananin kwarewa (HA018_46)
mai aiko da rahotanni daga kamaru (HA018_47)
kera kayayyaki hudu na zamanin (HA018_48)
karfi ya zama daya daga cikin (HA018_49)
tana iya tashi zuwa wuri mai (HA018_50)
gargajiyar kasar sin ta tsakiya (HA018_51)
makiyaya ba amma ta yi kokarin (HA018_52)
akwai wani titin da ake kira (HA018_53)
daya da kananan taurari hudu babban (HA018_54)
wannan ya kara samar mana damar kara fahimtar juna (HA018_55)
da mutane wadanda ke da shekaru (HA018_56)
samu bayanai sama da dubu (HA018_57)
a sauran larduna da birane (HA018_58)
da manoma masu zaman kansu (HA018_59)
ta shiga cikin mawuyacin HAli (HA018_60)
ne kayan tumatir da kayan giyar (HA018_61)
da amarya ta isa gidan ango (HA018_62)
bazara da ke cikin zaman rayuwa (HA018_63)
sosai a kansu a kullum su (HA018_64)
da sassan da abin ya sHAfa (HA018_65)
mu je mu yi salla (HA018_66)
ba sai wurin da suke da zama (HA018_67)
taiwan inda aka yi sanadiyyar (HA018_68)
sai ya kara da cewa (HA018_69)
domin sinima da wasannin kwaikwayo (HA018_70)
shi ne pine wato wani irin (HA018_71)
addinan gargajiya HAsashen tsawon rayuwa (HA018_72)
idan shekarunka ya wuce HAmsin da HAihuwa (HA018_73)
da 'yan kasuwannin kuma goyon (HA018_74)
ganin wasu masana daga kabaran (HA018_75)
sun HAda da rumfa mai suna (HA018_76)
birtaniyya na shirin shirya taro kan darfur a london (HA018_77)
na kasashen waje da su zo (HA018_78)
london na kasar ingila yawan (HA018_79)
don neman kawar da abubuwa (HA018_80)
kasar sin ta wakilci burin (HA018_81)
bayan da ya sauka filin jirgin sama (HA018_82)
tsakiya bayan da aka yi bincike (HA018_83)
sauran sassa biyu su ne (HA018_84)
majalisar ba da sHAwara kan HArkokin siyasa ta (HA018_85)
saboda taimakonsa da ya yi (HA018_86)
bari mu zura ido kan HAkan (HA018_87)
kawo yanzu yana ci gaba (HA018_88)
wato yi masa rasHAwa sabo (HA018_89)
da ke da tunani mai ci gaba (HA018_90)
dutse wata rana ya je yin (HA018_91)
daukar yare iri biyu wato (HA018_92)
kira shi ya ga tilas ne ya (HA018_93)
a karshe an kada zare mai (HA018_94)
lokaci shi ne rayukan mutane (HA018_95)
wato zamani na daya shi ne (HA018_96)
tabbas ne za a tabbatar da samun moriyar juna da nasarori tare (HA018_97)
ke ci gaba da dauka kan yankin zirin gaza (HA018_98)
lokaci ne mafi kyau da akan (HA018_99)
kunshi abubuwa da yawa kuma (HA018_100)
yanzu ga abin da sakon jagoran ya kumsa (HA018_101)
lallai kasar burtaniya ta ci gajiyar lamarin (HA018_102)
masu ja a wajen yalwata tattalin (HA031_1)
yankuna an riga an kafa manyan (HA031_2)
sun wu ya ki bisa dokar soja (HA031_3)
inganci amma kada a sHA magani (HA031_4)
beijing ya kara baiwa mutane (HA031_5)
ya sa siyasa ya fara lalacewa (HA031_6)
kasar sudan za ta iya samar da wutar lantarki da karfin ruwa (HA031_7)
sun kara bude kofa kuma (HA031_8)
kai tsaye wato ana kiransu (HA031_9)
shi mutum ne mai kirki (HA031_10)
sin ne ke tsai da kwamitin (HA031_11)
nijeriya ta nuna babban yabo kan wannan (HA031_12)
a gudanar da HArkokin mulki (HA031_13)
karya na kasar sin ta canja (HA031_14)
kuma suna da kekunan yaki (HA031_15)
ya kamata fasinjoji su bayyana (HA031_16)
majiyar palasdinawa ta bayyana cewa (HA031_17)
an kaddamar da taron kolin kungiyar au a kampala (HA031_18)
yanzu ga wani cikakken bayani game da bikin (HA031_19)
da wani irin ruwan maganin (HA031_20)
mai yawan kabilu ta farko (HA031_21)
beijing a shirye yake wajen karbar 'yan wasa da 'yan kallo nakasassu (HA031_22)
tianjin yana sHAre fage yadda ya kamata (HA031_23)
sin da kasahen afirka suna kara gama kai da taimakawa juna cikin sahihiyyar zuciya (HA031_24)
mongolia sun kafa daular yuan (HA031_25)
a takaice dai ina farin ciki (HA031_26)
wannan kyautar da aka bani (HA031_27)
muna ganin cewa shi dukiya ne mai daraja kwarai (HA031_28)
kasar sin ta mai da muhimmanci (HA031_29)
fitacciyar mai amfani da surarta wajen tallata kayan ado (HA031_30)
shida ashirin da uku da dubu (HA031_31)
kissar annabi musa as karo na hudu (HA031_32)
kafa da gyara dokoki na HArkokin (HA031_33)
ci jarrabawar shiga cikin kolejin (HA031_34)
daga baya sun yi kasaitaccen biki (HA031_35)
na duk kasar sin baki daya (HA031_36)
kuma ya zama bakon malamin (HA031_37)
ita ce kafuwar sabuwar kasar (HA031_38)
manyan addinai uku na duniya (HA031_39)
domin kyautata wannan mumunan HAlin da ake ciki kwata kwata (HA031_40)
hukumar gandun daji ta kasar (HA031_41)
tutar kasar sin da tambarin (HA031_42)
kasar tarayyar soviet da britaniya (HA031_43)
tchima illa mai aiko da rahotanni daga gHAna (HA031_44)
na kabilar HAn na biyu kuwa (HA031_45)
matsayin imam husaini dangane da ibada (HA031_46)
matsayin jakada da kuma jakadan (HA031_47)
an kuma HArba bindigogi sau biyu naira daya (HA031_48)
kowace 'yar wasa ta yi kokari a yayin gasar (HA031_49)
sin da arewa maso yammacin (HA031_50)
kasa wanda aka ba shi lakabi (HA031_51)
muHAmmad abincin iraniyawa na da dadi (HA031_52)
dan siyasa na lokacin nan (HA031_53)
uwar sarki ta shirya dawaki (HA031_54)
larabawa suna fuskantar barazanar karewa a duniya (HA031_55)
mai kyau sai ya bi dila (HA031_56)
kuma su kan yi tattaunawa (HA031_57)
yanzu a shirye sosai nake (HA031_58)
muhimmin abincin da aka shirya (HA031_59)
kuma sun HAskaka a wasan (HA031_60)
da 'yan kungiyar samarin kwaminis (HA031_61)
kasar iran ta riga ta shirya sosai idan a sake yi sHAwarwrin nukiliya nan da nan (HA031_62)
yadda za a yi jarrabawa (HA031_63)
an fara gina gidan confucius (HA031_64)
tasiu idris gumel jaHAr jigawa a nigeria (HA031_65)
yanzu bari mu yi 'dan bayani kan makamashin birnin (HA031_66)
da waHAloli da yawa ta tafi (HA031_67)
a madadin tsohon kwamitin tsakiya na jam'iyyar kwaminis ta sin ne (HA031_68)
HAr suna kira shi kakan soja (HA031_69)
ba da jini tare da biyan kudi (HA031_70)
an yi cinikin kayayyakin sassaka da wasu kayayyakin masana'antu (HA031_71)
birnin ya zama wani abin al'ajabi (HA031_72)
ina alfaHArin shiga cikin ayyukan shirya taron (HA031_73)
ba wadda ta yi wasa ko dariya (HA031_74)
kuma zai kara kawo wa farar hula fatan alheri (HA031_75)
kyakkyawan garin heshun a lardin yunnan (HA031_76)
sabo da HAka sin ta nuna musu godiya (HA031_77)
ina kin jinin maganin sa kuzari (HA031_78)
shekaru sama da dubu biyu (HA031_79)
sosai wato suna son yin zama (HA031_80)
amma a nan gaba (HA031_81)
amma ba mu samu sakamako mai kyau ba (HA031_82)
ya HAu kan karagar mulki (HA031_83)
ban da wadannan da muka ambata (HA031_84)
ka'idoji da sHArrudan yin amfani da wannan sHAfin (HA031_85)
wanda ya karu da fiye da kashi talatin da bakwai cikin kashi dari bisa na makamancin lokaci na bara (HA031_86)
ganawa tsakanin shugaban kasar ruwanda da yang jiechi (HA031_87)
ikon yin aiki na 'yan matan (HA031_88)
a kan bangon rami ya fita (HA031_89)
kuma a kowane iyali kuma (HA031_90)
amincin allah ya tabbata a gare ku (HA031_91)
saboda babu HAnyoyi masu kyau (HA031_92)
tarihi na duk kasa da ya kamata (HA031_93)
dukkansu sun nuna babban yabo kan muHAllin wurin (HA031_94)
shugaba wade ya kara da cewa (HA031_95)
wadanda suka yi zamani a daular (HA031_96)
wanda ya yi amfani da maganin (HA031_97)
ta yadda za a sami kyautatuwa sosai wajen yin manyan ayyuka a kauyuka (HA031_98)
sauti da kuma hoton bidiyo (HA031_99)
ahmadinejad ya gana da wasu shugabannin kasashen afirka (HA031_100)
wato taron shekara shekara na majalisar ba da sHAwara kan HArkokin siyasa ta kasar sin (HA031_101)
wani wakilin majalisar dokokin kasar sin wanda ya zo daga lardin sichuan (HA031_102)
na kasar sin a fannin siyasa (HA031_103)
yin kokari sosai wajen bunkasa (HA031_104)
disamba kasar sin da kasar (HA034_1)
ko sunan wata kabila ce (HA034_2)
da yawansu ya kai kudin sin (HA034_3)
da kayayyaki ga kasashen waje (HA034_4)
ban taba ganin irin wannan kokari ba a da (HA034_5)
tsaunin kuma yana duban teku (HA034_6)
don lalata makamai masu guba (HA034_7)
ba ya kuma girmama yanayin HAlitta (HA034_8)
domin nuna godiya ga sarkin (HA034_9)
shi wane aiki ne yake yi (HA034_10)
yayin da bakon ya ce HAka (HA034_11)
piraministan kasar japan ya bukaci kafa kungiyar gabashin asiya (HA034_12)
wanda shi ne ya tsara HAsashen (HA034_13)
na farko da ya gano wannan (HA034_14)
da ba su kulla huldar diplomasiya (HA034_15)
yi a ko wace rana (HA034_16)
domin kunna hotunan bidiyon ko sautin (HA034_17)
HAlin da ke ciki a zimbabwe (HA034_18)
da sinnawa 'yan kaka gida (HA034_19)
yi fata za su iya yin zama (HA034_20)
ya kai masa kukan 'yan uwansa yana cewa (HA034_21)
da turanci tsawonsa ya fi (HA034_22)
dauke su a matsayin addinin (HA034_23)
ko da yake shi sarki ne amma (HA034_24)
da mai kamu da cuta ta HAnyar (HA034_25)
nan ya ji tsit tsuntsaye (HA034_26)
a kasar gHAna an yi nisa a wannan aikin (HA034_27)
wadanda suka HAda huldar aiki (HA034_28)
sHAn taba zai kawo illa ga zukatan matasa (HA034_29)
sai ta ce ta yarda da zama (HA034_30)
wakokin da na kasar girka (HA034_31)
su kan daura zane mai launi (HA034_32)
sannan aka ce da wadanda suka kafirce (HA034_33)
sHAn taba sigari a kamaru (HA034_34)
shinkafa da alkama manyan abinci (HA034_35)
tsakanin kasa da kasa na birnin (HA034_36)
kawo ziyara a kasar sin (HA034_37)
labarin soyayya na niu (HA034_38)
da finland da jamus da faransa (HA034_39)
ba su cika ba an yi tsammani (HA034_40)
kasar sin sun yi ta yin bincike (HA034_41)
azurfa irin wannan kayan kwaskwarima (HA034_42)
firayin ministan kasar angola fernando dos santos (HA034_43)
fararen hula kuwa su nuna (HA034_44)
mo zi ya ci gaba da cewa (HA034_45)
ka jeka ka gaya wa mutanen dukkan duniya cewa (HA034_46)
daraja yana tsayawa bisa kabarin tsayinsa (HA034_47)
suna yin koyi da juna kuma suna taimakon juna' (HA034_48)
firayi ministan ya ci gaba da cewa (HA034_49)
ya kasance mai aiki sosai (HA034_50)
a tsohon zamanin kasar sin (HA034_51)
wannan sarki ya ba ta wani (HA034_52)
wannan saurayi an nada shi (HA034_53)
ana farfado da kasuwar yawon sHAkatawa a lardin sichuan (HA034_54)
HAnyar yin amfani da kayayyakin (HA034_55)
masu benaye da ke da tsarin (HA034_56)
HAlin da ake ciki da aka fara (HA034_57)
biyu na tagulla a karkashin (HA034_58)
takaitaccen bayani game da kabilar uygur (HA034_59)
idan HAr za ka iya (HA034_60)
ba da taimako ga jiHAr tibet (HA034_61)
kunna wuta don neman taimako (HA034_62)
ta daular qing ta sami damar (HA034_63)
in an yi motsi sai kibiya (HA034_64)
na bayan bayyanuwar annabi isa (HA034_65)
rufe ido da abin rufe HAnci (HA034_66)
da ya ga shinkafa da alkama (HA034_67)
da sinnawa suka kashe a wajen (HA034_68)
ciwo ba magani zai warkar (HA034_69)
a gaskiya dai na cim ma burina (HA034_70)
sau biyu a cikin gasa uku (HA034_71)
jama'ar sin da kasashen afirka suna kara sada zumunci ga juna (HA034_72)
da aka yi a birnin ningbo (HA034_73)
shugaban kasar sin yayi rangadin aiki a birnin shenzhen (HA034_74)
tsawon lokaci sai a ce wannan (HA034_75)
na tsaro da kwamitin HArkokin (HA034_76)
sabanin da ke tsakanin rukuni (HA034_77)
shugabar kasar liberia ellen johnson sirleaf ta bayyana cewa (HA034_78)
ta gamu da kalubale da yawa (HA034_79)
tsarin ya dace da na tsoho (HA034_80)
HAkikanan matakan da aka dauka (HA034_81)
waje wadanda kuma aka shigo (HA034_82)
ake wasa da sanda da sunan (HA034_83)
biyu ba tare da kulawar yanayi (HA034_84)
kudi da kuma sansanin kimiyya (HA034_85)
kasar sin za ta kara matsayin bude kofa ga kasashen waje a fannin sHA'anin kudi (HA034_86)
sabo da HAka ana iya samun (HA034_87)
kasar malawi wata kasa mai zuciya cikin nisHAdi (HA034_88)
zaman rayuwarsu ya samu kyautatuwa kwarai da gaske (HA034_89)
kabilu da dama suna zama a wurin (HA034_90)
hu jintao tare da 'yan rakiyarsa sun kuma kai ziyara a hedkwatar kamfanin microsoft (HA034_91)
da siyasa da kabilu da soja (HA034_92)
da gida da kabari na confucius (HA034_93)
fasaHArsu tana da daguwa sosai (HA034_94)
ta tilasta masa ya yi HAka (HA034_95)
kiyaye muHAlli na kasar sin (HA034_96)
samun kyautatuwa kuma ta kafa (HA038_1)
daga wurin zama na mutane (HA038_2)
jaridar union ta kasar gabon ta ce (HA038_3)
da ke cikin siyasa da tattalin (HA038_4)
su a waje ko a kone su (HA038_5)
suna son shirya abinci na (HA038_6)
da mutanen zamanin da suka (HA038_7)
da ke jin tausayi ba tare (HA038_8)
yanzu an riga an shiga lokacin zamani (HA038_9)
wanda babu komai a cikinsa (HA038_10)
yin wanka da ruwan magunguna (HA038_11)
samun aikin yi da kuma ba da (HA038_12)
bayan da aka yi cudanyar (HA038_13)
a cikin dakin kabarin an (HA038_14)
sabon birnin gunduma na zamanin (HA038_15)
HAr ma ta iya kera tauraron (HA038_16)
bayan da ya yi shekaru (HA038_17)
na marasa kyau shi ya sa (HA038_18)
a ko wace shekara mutane daga (HA038_19)
abokantaka ta yin HAdin guiwa (HA038_20)
sace mata da ake yi a wasu (HA038_21)
juna da aka yi amma masu mulkin (HA038_22)
kuma ya yi jarabawa don nuna (HA038_23)
a ran talatin ga watan oktoba (HA038_24)
kuma ya kawo wa jiHAr alheri sosai (HA038_25)
yin HAdin guiwa da kungiyar (HA038_26)
HArkokin kabilu bisa zaman daidaici (HA038_27)
magana a maimakon rera waka (HA038_28)
kissar annabi adam ta biyu (HA038_29)
da sarkin chu ya ji HAka (HA038_30)
ango da amarya su kan yi bikin (HA038_31)
nasara ce da aka samu wajen (HA038_32)
direba ko da yaushe HAka lamarin yake (HA038_33)
wajen bunkasa aikin kawo albarkar (HA038_34)
matsalar na tasowa sannu a HAnkali (HA038_35)
wannan yarinya ba ta da kyau (HA038_36)
ke nan sun yi sHAwarwari a birnin (HA038_37)
rubuto dalilin da ya sa suka (HA038_38)
HAdin guiwa mai amfani a tsakanin (HA038_39)
sai imam husein ya ce (HA038_40)
masu ikon aiwatar da HArkokin (HA038_41)
na kasar sin da wasan piying (HA038_42)
jawabin shugaban iran a ranar nukiliya ta kasa (HA038_43)
an ce irin wannan fitila tana (HA038_44)
yi tafiya don yin nisHAdi (HA038_45)
wata tawaga ta ofishin binciken (HA038_46)
gargajiya na kasar sin ta (HA038_47)
mita dubu uku HAr zuwa dubu (HA038_48)
dabino da kwayoyin bi rana (HA038_49)
domin tayar da yakin da ke (HA038_50)
da HAka ya sami ci gaba da saurin (HA038_51)
muHAmmad kiran sallah na tashi (HA038_52)
kawai a kasar sin an shirya (HA038_53)
yawancinsu suna zaune ne a jiHAr (HA038_54)
fararen hula da sojoji na (HA038_55)
wannan tsohon manomi ya yi (HA038_56)
da amurka da canada da argentina (HA038_57)
sin yana HAde da likitancin (HA038_58)
kan HAnyarsa ta dawowa gida yana (HA038_59)
biyu sun nuna mana cewa mutanen (HA038_60)
zama da yin aikin yi ba tare (HA038_61)
da mita dubu takwas da dari (HA038_62)
an yi tsit a wajen (HA038_63)
nan duniya don yin wanka (HA038_64)
wurin an yi HAka domin fatan (HA038_65)
ta zama wata muhimmiyar lokaci (HA038_66)
dukkansu wani kashi ne da (HA038_67)
layin gabar teku na kasar (HA038_68)
ya ba shi magana kuma ya (HA038_69)
ganin cewa HAlittu na cikin (HA038_70)
amma a HAnkali a HAnkali ne (HA038_71)
na sin da sinima mai suna (HA038_72)
da kayayyaki na zamanin da (HA038_73)
nan uku an zana furanni da (HA038_74)
wannan kayan sarewa mai suna (HA038_75)
ingancin hotunan da aka zana yana da kyau sosai (HA038_76)
kan tayar da wuta a ko ina (HA038_77)
na cikin fadar sarakunan gargajiya (HA038_78)
da 'yan kananan kabilu don su (HA038_79)
kuma ana jin dadin yanayin (HA038_80)
da aka yi ana sHA banban wajen (HA038_81)
na biyar kafin HAihuwar annabi (HA038_82)
irin fitilun kayan wasa ne (HA038_83)
bisa abubuwan da aka bincike (HA038_84)
mu yi aiki da abinda mu ka sani (HA038_85)
a gabansu shi ya sa bai karbi (HA038_86)
yake rike da mulki a cikin (HA038_87)
a yankunan yammacin afirka kawai (HA038_88)
tsaunukan kasar sin ya kai (HA038_89)
bai sake neman izinin zama (HA038_90)
da ya rera na da dadin ji (HA038_91)
wato ya karu da yuan biliyan (HA038_92)
ya tsaya kan matsayinsa da (HA038_93)
wanda ya fi girma a tsibirin (HA038_94)
tatsuniya wadda ta sami karbuwa (HA038_95)
mai dadin ji sun sa wang (HA038_96)
da ya sa a yi HAka shi ne (HA038_97)
ya sami yabo sosai da ake cewa (HA038_98)
mutane masu zaman kansu suna (HA038_99)
ta biyu mai rairayi ga masu (HA038_100)
ikon mallakar dukiya nan birnin (HA038_101)
kasar sin sun HAda da filaye (HA038_102)
sojoji da dawaki na daular (HA038_103)
ya ki sHAwarar da aka ba shi (HA038_104)
tun daga lokacin da yake (HA038_105)
qin sun aika da wani da ya (HA046_1)
rawar amurka cikin rikicin kasar somaliya (HA046_2)
kasar sin da ta japan sun (HA046_3)
nan dai sunansa ya sHAHAra (HA046_4)
ban da kabilar HAn sauran (HA046_5)
yanzu ga bayani kan manyan (HA046_6)
tsohon birnin pingyao na (HA046_7)
sin da su guje daga aiki na (HA046_8)
ya mai da HAnkali kan yadda (HA046_9)
kasar sin bayan da masu kide (HA046_10)
ko wace rana da safe sai (HA046_11)
kuma an kasance cikin rashin (HA046_12)
ramin ba ya karuwa kullum (HA046_13)
farko kuma su taimaki kasashe (HA046_14)
daban don neman samu takardun (HA046_15)
wasu kyan karkara suna kan HAnya (HA046_16)
sarakuna ne HAikali mai suna (HA046_17)
saboda HAka ya sami yalwatuwa (HA046_18)
sarki idan farar hula su (HA046_19)
a yayin da ruwan ambaliya ya doshi kudancin kasar (HA046_20)
ya dauke da wadannan kayayyaki (HA046_21)
kamar shiyya mai tafiyar da (HA046_22)
ya zuwa karshen daular ming (HA046_23)
arzikin daular HAn gaba sosai (HA046_24)
li bai ya sami izinin shiga (HA046_25)
ganin irin mugun aikin da (HA046_26)
bugu da kari kuma aka samu (HA046_27)
yanzu bisa bayanin da tauraron dan adam ya bayar (HA046_28)
bbc HAusa wasanni kwallon beckHAm ta kare a ingila (HA046_29)
na ji mamaki kadan da jin wannan labari (HA046_30)
sun yi dogon tunani kan yadda (HA046_31)
kuma za mu ci gaba da zura ido kanta (HA046_32)
a tsohuwar kasar sin sai (HA046_33)
kasar sin suna kan kasa na (HA046_34)
kuma suke fama da talauci kwarai ke fitar da su zuwa kasar sin (HA046_35)
da labari mai dadin ji (HA046_36)
bikin murnar ranar cika shekaru (HA046_37)
ba a maimakon HAka ya fi (HA046_38)
ci nasara sosai sabo da HAka (HA046_39)
nuna wasannin fasaHA na tsakanin (HA046_40)
ga abun da ramin ke ce muHAmmad (HA046_41)
ne masu daraja na daular ming (HA046_42)
HAkikanan abubuwa sun sHAida (HA046_43)
zai bambanta shi da sauran (HA046_44)
da HAka da sauri suka mamaye (HA046_45)
sabon zamanin dutse wato shekara (HA046_46)
fuska yayin da suke rera wakoki abun (HA046_47)
tsarin tunani wanda ya HAifar (HA046_48)
kasar sin babbar kasa ce mai (HA046_49)
da kamar kashi sittin cikin dari (HA046_50)
a cikin cinikayya HAnyar nan (HA046_51)
da HArkokin siyasa da kyau (HA046_52)
a wannan titin shi ne mutanen (HA046_53)
bisa HAnyoyi biyu ne aka kafa (HA046_54)
wurare na lardin yunnan da (HA046_55)
da fasaHA da ba da ilimi da (HA046_56)
da manufofi masu gatanci daban (HA046_57)
ya ji ciwon jiki a ko ina (HA046_58)
su kuma raka a lokacin zabe (HA046_59)
ko suna yin HArkokinsu bisa (HA046_60)
iya kada wasu kayayyakin kida (HA046_61)
wajen malamin kasar waje mai (HA046_62)
da auduga mai launi manyan (HA046_63)
da ta shiga a gabansa sai ta ce (HA046_64)
shi ba amma shi ne ya kashe (HA046_65)
wa yau dai wata HAnya mai (HA046_66)
abubuwa masu kyau na wasannin (HA046_67)
suna kanana ne amma fuskokin (HA046_68)
tarihi da HAlin da ake (HA046_69)
shugaban kasar nijeriya ya nuna wa kasar sin jaje (HA046_70)
sa muhimmanci a wajen ba da (HA046_71)
ruwan sama kamar da bakin kwarya (HA046_72)
da zuba jari a fannin cinikayya (HA046_73)
dutse cikin sinanci ana kiranta (HA046_74)
zabiya ce mai rera wakoki tare (HA046_75)
da lasa da sauran wurare na (HA046_76)
ake ciki kuma yadda ya kamata (HA046_77)
na kasar sin da kasashen waje (HA046_78)
sarkozy ya zargi kasar rasHA (HA046_79)
da mai da HAnkali kan darajar (HA046_80)
cikin fitilar bayan da aka (HA046_81)
maraba ce yayin da ake yin (HA046_82)
su dukkansu ba kamarsu a duniya (HA046_83)
labarin wani malami da kura (HA046_84)
sin ta riga ta kai wani babban (HA046_85)
da matsayin musamman mai muhimmanci (HA046_86)
kasa da kasa ta yi amfani (HA046_87)
yi matukar kokarin koyon fasaHAr (HA046_88)
dari biyar HAr zuwa dubu biyu babban (HA046_89)
bai yin sHAwarwari da kwararrun (HA046_90)
dubu biyu watau ya dauki kashi (HA046_91)
duk iya tsawon lokacin kasancewarsa a can (HA046_92)
kudade bankin kasar sin da (HA046_93)
ziyara a kasar amurka a cikin (HA046_94)
da aka gano sun jawo HAnkulan (HA046_95)
da ta samu wajen fasahohin (HA046_96)
gwamnatin wurin ta kafa wani (HA046_97)
sosai a kasar sin HAr tsawon (HA046_98)
muHAlli ta duniya wato ran (HA046_99)
saHAra ta kara ingantuwa da (HA046_100)
a nan duniya ne domin sHAn (HA047_1)
a nan aikin addini ne yana (HA047_2)
shekarun da yawansu bai kai (HA047_3)
kasashe da yawa a nan kasar (HA047_4)
gurguzu dabam daban da kuma (HA047_5)
zabi bayanan da kake son samu (HA047_6)
yawan mutanen kasar sin ya (HA047_7)
sun yi nazari kan wannan littafi (HA047_8)
kasashen biyu sun tsai da (HA047_9)
zaman tarayyar kasar sin daga (HA047_10)
akwai ramukan ibada fiye da (HA047_11)
inda ya ce su yara ne kawai (HA047_12)
gudanar da gasar wayo a tsakanin (HA047_13)
da suka yi ba ta samu sakamako (HA047_14)
ban taba ganin irinsa a da ba (HA047_15)
ganuwa wani wuri ne da kowane (HA047_16)
ana fitar da magungunan kasar (HA047_17)
ne gero da shinkafa da shinkafa (HA047_18)
gida ya ga HAka sai ya kara (HA047_19)
HAr zuwa karshen samun daidaituwa (HA047_20)
ya wadatar da dabarun busa (HA047_21)
tattalin arziki zai iya samun cigaba mai dorewa (HA047_22)
kai ziyara ga sojoji da kuma (HA047_23)
kasashen latin amurka su sake nazari kan tarihi (HA047_24)
soja mai karfi shugaban rundunar (HA047_25)
suka koya a cikin shekaru (HA047_26)
da ke tsakanin sama da kasa (HA047_27)
za a aiwatar da HArkokin ba da ilimi a fayu (HA047_28)
wato ganyen da ake ci da furanni (HA047_29)
demokradiya da su dace da (HA047_30)
kai na yanke hukunci kuma (HA047_31)
isowar wakilan redio china a gundumar liping (HA047_32)
bayan kunkuru da kashin dabbobi (HA047_33)
yi kama da wani babban dodo (HA047_34)
ya taba zama madugu mai matsayi (HA047_35)
HAka za lika dan wasan jamus thomas mueller (HA047_36)
kasa pan gu ya yi murna sosai (HA047_37)
a karshe dai sun ci nasara (HA047_38)
lokacin hutu' sun rage HArajin (HA047_39)
kai a wajen shirin kungiya (HA047_40)
shugaba hugo cHAvez da evo morales sun bayyana cewa (HA047_41)
kuma ba su da rubutu suna (HA047_42)
ya kai farmaki ga kasar zheng (HA047_43)
HAifar da shi a karshen daular (HA047_44)
kasar liberia tana yammacin nahiyar afrika (HA047_45)
sai imam din ya ce (HA047_46)
da akwai wasu 'yan mata da (HA047_47)
HAr yanzu dai yayin da mutane (HA047_48)
da yuan biyar da yuan goma (HA047_49)
manta da kansa domin karamin (HA047_50)
shin silma ta mutu ne a wannan lokacin (HA047_51)
shi ne kamar HAka a shekarar (HA047_52)
sun yi mulki a taiwan HAr (HA047_53)
HAsara sosai ga kogon mogao (HA047_54)
ciki da mamaki sosai da sosai (HA047_55)
sun yi kallon fitilu wadanda (HA047_56)
HAkikanin abu ne kuma shi (HA047_57)
yaushe ne aka kafa wannan kungiyar (HA047_58)
wadanda allah zai yi musu raHAma (HA047_59)
buga ganga a karo na uku (HA047_60)
cutar amai da gudawa ta bulla a jiHAr kaduna (HA047_61)
'yan sanda sun kama shi (HA047_62)
ta yin kayan katako ta kasar (HA047_63)
maki daya zai taimaka mana sosai (HA047_64)
luo ya kama wani muhimmin matsayi (HA047_65)
daya daga cikinsu farin maciji (HA047_66)
idan an yi iska (HA047_67)
wato ya nada masa zuwa mukamin (HA047_68)
nu wa wadda ke da jikin mace (HA047_69)
amma jackie bai yi farin ciki ba a australia (HA047_70)
HAkki iri daya amma akwai (HA047_71)
a cikin wasanni a shekarar (HA047_72)
dubu ya ba da babban tasiri (HA047_73)
ci gaba da kuruciya HAr abada (HA047_74)
tsohon shugaban sojin nijar bare mai nasara (HA047_75)
sukan yi amfani da irin kayan (HA047_76)
zai ta da ambaliyar ruwa (HA047_77)
domin yara su sa ita ce daya (HA047_78)
birnin chengdu ya zama madugun (HA047_79)
da farko bari mu tabo magana (HA047_80)
da gaske ga wassu 'yan kishin (HA047_81)
HAr sau da yawa ne mista (HA047_82)
sai ya tsai da kudurin kai (HA047_83)
yanzu a cikin wasanni iri (HA047_84)
da yawa sun yi mamaki sosai (HA047_85)
HArshen adabi a wancan lokacin ya kasance larabci (HA047_86)
wato yin aiyukan gaba gadi (HA047_87)
yi zana a kan bangon fadar (HA047_88)
'yan majalisar australia na tattaunawa da shugabar kasar (HA047_89)
ko kuna da dabara mai kyau (HA047_90)
duniya ko a fannin gidajen (HA047_91)
take bi wajen daidaita matsalar (HA047_92)
sin wato rana da sarkin girki (HA047_93)
HAusawa su kan fadi cewa (HA047_94)
da ke jawo HAnkulan mutane (HA047_95)
kaidojin zabe a jamhuriyar nijar sun dace (HA047_96)
mulki ta HAnyar gwada misalai (HA050_1)
wasan film da aka dauka a (HA050_2)
ya ce shirin kai wa kasar (HA050_3)
na taba shiga ayyuka da yawa a wancan lokaci (HA050_4)
a lokacin da muke shirya wasannin olimpic (HA050_5)
ya rubuta littafin farko na (HA050_6)
wancan ba zai kasance ba (HA050_7)
da HAka an kafa tsarin ilimin (HA050_8)
za a zabi 'yan majalisar dokokin kasar afgHAnistan (HA050_9)
jawabin wannan tambaya a fili ya ke (HA050_10)
sun sami sakamako mai faranta (HA050_11)
dragon a kansa ya fi yawa (HA050_12)
na farko ana bukatar mutane masu cika alkawari (HA050_13)
kasar sin kowane irin abincin (HA050_14)
addinai don biya wa mabiyan (HA050_15)
yu ya samu sun HAda da wasannin (HA050_16)
fujian da ke bakin teku (HA050_17)
a yanzu dai an nada mista (HA050_18)
da na arewa a gun bikin sHAre (HA050_19)
yu ya sami goyon bayan daga (HA050_20)
amurka ya shiga sashen ilimin (HA050_21)
tana son ta ci gaba da tsayawa (HA050_22)
sin ta dauki matakai masu yawa (HA050_23)
zamani wannan tsari ya ratsa (HA050_24)
da kwararru masu yawan gaske (HA050_25)
ko a lokacin ta san ka (HA050_26)
kuma an yi ta inganta HAdin gwiwar da ke tsakaninsu (HA050_27)
fi kaunarsa da girmama shi a (HA050_28)
masu mulki su kula da waHAlHAlu (HA050_29)
sa takardar da aka yanka a (HA050_30)
ji sosai kuma ta bayyana (HA050_31)
da dakunan cin abincin buddah (HA050_32)
wasannin olympic ita ce alamar zaman lafiya (HA050_33)
da wata ya fi girma kuma (HA050_34)
bisa dokar da aka kafa a (HA050_35)
kogi da kuma a gaban kogin (HA050_36)
mutane kuma tana da rubutu (HA050_37)
ya HAlatta ciniki ya kuma HAramta riba (HA050_38)
yin abubuwa yadda suka ga (HA050_39)
da kasar sin ta tafiyar da (HA050_40)
tarin 'yan kwadago suna fama (HA050_41)
da sosai daga wajen kwararru (HA050_42)
kuma sun sa aya ga yin ciniki (HA050_43)
na tarihi da na sauran ilimi (HA050_44)
suka gyara ta saboda HAka (HA050_45)
na shiyyoyi marasa tsayi daga (HA050_46)
masu bin addinin kirista na (HA050_47)
sin akwai dauloli da yawa (HA050_48)
ne mai muhimmanci a kan tarihin (HA050_49)
wanda ba wakokin fim ba ne (HA050_50)
na da kayan bugawa mai suna (HA050_51)
kasar sin su ne afgHAnistan (HA050_52)
sun gabatar masa da shun cewa (HA050_53)
sinima da babban mawaki da (HA050_54)
daga cikin jihohi biyar masu (HA050_55)
kungiyar kasar sin kungiya ce mai kwarewa (HA050_56)
muhimmin matsayi a nan kasar (HA050_57)
ko wace shekara manoma da (HA050_58)
kwarai kan yadda za a iya (HA050_59)
bayan aukuwar lamarin ya furta cewa (HA050_60)
aka samu daga wuraren da ke (HA050_61)
kan zo wurin don nuna ban (HA050_62)
babu tabas za a samu zaman lafiya (HA050_63)
tarihi na kasar sin daular (HA050_64)
sHAng daga baya ya kafa daular (HA050_65)
abubuwan da suke dauke da (HA050_66)
HAr a kasashen ketare an nuna (HA050_67)
jihohi na kudu maso gabashin (HA050_68)
wadannan fasahohi suna da daraja sosai (HA050_69)
dakin wasa na birnin beijing (HA050_70)
fito ne da dajin ji sosai (HA050_71)
na fi son kungiyar kasar argentina (HA050_72)
kula da HArkokin yawon sHAkatawa (HA050_73)
manufar bude kofa ga kasashen (HA050_74)
sai ya rera waka kamar HAka (HA050_75)
busa sarewa da ke matsayin (HA050_76)
tarihi da aka bari sun bayyana (HA050_77)
aga baya 'yan sanda sun tsare su gaba daya (HA050_78)
da kuma zang wanda ya bayyana (HA050_79)
ke kudu maso yammacin kasar (HA050_80)
birnin cheng du na lardin (HA050_81)
bude iyakar kasa da ke tsakanin (HA050_82)
ta taba wadata cikin shekaru (HA050_83)
wato ya kai kimanin kashi (HA050_84)
kasa ta sin da ta amurka (HA050_85)
kan tsohon kayan gogewa sai (HA050_86)
labarin ya burge mutane masu yawa (HA050_87)
ba ta da karfi masu bincike (HA050_88)
na duk kasa kana kuma cikin (HA050_89)
cikin shekaru gomai da suka (HA050_90)
abu na musamman shi ne (HA050_91)
a kan abokan gaba ba kuma (HA050_92)
bugawa kuma a yanayin rani (HA050_93)
yu ya canja HAnyar da babansa (HA050_94)
suka zama wakokin da kowa (HA050_95)
guda biyu don sHAida inda (HA050_96)
a ko wace rana ina koyi daga wajensu (HA050_97)
da taken kasar sin da babban (HA050_98)
a kai ne masu bugawa sun yi (HA050_99)
kaka da dare yayin da wata (HA050_100)
yana kuma bayyana sabuwar makomar yin HAdin guiwa tsakaninsu (HA055_1)
mai fiffiko sai a shekarar (HA055_2)
ta kuma gabatar da wani sabon (HA055_3)
mun sani rediyo yana kuma dacewa da fasahohin zamani (HA055_4)
sakon shugaban hu jintao ga wata makarantar kasar amirka (HA055_5)
kansa da kuma kayyade saurin (HA055_6)
da ya fi jawo HAnkulan mutane (HA055_7)
wani tsoho ne kawai yake sHAra (HA055_8)
baki daya ta HAnyar HAdin (HA055_9)
a yankin darfur na sudan (HA055_10)
an ce bikin sHAre kaburbura (HA055_11)
da ya gaji ya kada (HA055_12)
ba iyaka ga dabbobin daji (HA055_13)
da shiga makaranta suna cikin (HA055_14)
a kyautata tsarin tsai da (HA055_15)
morais ya nuna cewa (HA055_16)
daular ming da karfin tuwo (HA055_17)
kafofin watsa labaru sunna yin suka ga kasar sin cewa (HA055_18)
ke cikin gamayyar kasa da (HA055_19)
yi ta yin noma fiye da kima (HA055_20)
kawai ana rubuta da rera rubutattun (HA055_21)
don HAka sai a biyo mu sannu a HAnkali (HA055_22)
da aikin gona da kiwon tsuntsaye (HA055_23)
kabilu wadanda suke da dogon (HA055_24)
kasar da kuma sauran wasu matsalolin (HA055_25)
idan ana son sauraro (HA055_26)
gaya wa wakilin gidan rediyonmu (HA055_27)
shugaba goodluck jonatHAn ya sanya HAnnu kan dokar zabe (HA055_28)
yaki sabo da HAka ya ba da (HA055_29)
sin suka kirkiro daga cikinsu (HA055_30)
kai farmaki an nuna ta (HA055_31)
malamin da ke koyar masa wakokin (HA055_32)
sarki sai bude baki yake (HA055_33)
sanarwar ta majalisar dinkin duniyar ta ce (HA055_34)
ban da wannan kuma an kayyade (HA055_35)
don neman HAu karagar mulki (HA055_36)
sojoji masu ba da gudummawa (HA055_37)
maganar da matarsa ta yi (HA055_38)
ne mai HAske a fannin siyasa (HA055_39)
kasa da kera jiragen ruwa (HA055_40)
'za mu yi bincike kan samfurin fitsari ko na jini dubu dari a cikin wannan gasar wasannin olympic ta nakasassu (HA055_41)
akidar jituwar duniya tana dacewa da cigaban zamani (HA055_42)
kasashen afrika su ma suna bukatar kasar sin (HA055_43)
masu sifar baka ba su rushe (HA055_44)
rikicin rashin makamashi yana ta tsananta (HA055_45)
domin kauce wa munanan abubuwa (HA055_46)
lasa birni ne mai cike da HAsken rana (HA055_47)
sosai kan yadda jiragen ruwa (HA055_48)
buddHA ke yi masa bauta da (HA055_49)
ana iya ganin wasu kayayyakin tarihi da aka samu daga kusheyin sarakunan daular (HA055_50)
gwagwarmayar da aka yi a (HA055_51)
na duniya wato ke nan ta (HA055_52)
babu kungiyar da ta dauki alHAkin HAre HAren (HA055_53)
kasar sin ta riga ta kulla (HA055_54)
zane da siliki sun fi yawa (HA055_55)
suna daban na mafarki na (HA055_56)
zamantakewa da duniya masu daidaituwa (HA055_57)
ya yi na yin karo da kuma (HA055_58)
yana da gaskiya kuma duk wanda (HA055_59)
na tsohon zamanin da na kasar (HA055_60)
HAda karfi da kyaun gani gu (HA055_61)
amma kasar sin ta yi aiki da kyau sosai (HA055_62)
a kasar amurka da canada da (HA055_63)
ya sa ake kamuwa da cuta (HA055_64)
ya ke dalibta cikin makaranta (HA055_65)
hukumar leken asirin israela wato mossad (HA055_66)
wani labari daban da aka (HA055_67)
ya ajiye naman kan tumaki (HA055_68)
ya sa hou yi ya yi fushi sosai (HA055_69)
HAkan babban darasi ne a gare mu (HA055_70)
kuma bisa burinta na wuce (HA055_71)
wang ya rera yanzu mista (HA055_72)
magana ta samu domin siffanta (HA055_73)
sarkin wakokin zamani na kasar (HA055_74)
takaitaccen bayani game da kabilar tujia (HA055_75)
batu na biyu kuma shi ne (HA055_76)
da kasar sin ta samu wajen (HA055_77)
da kuma kara sanya ido (HA055_78)
ya saba wa irin wannan ikon (HA055_79)
kan wani sabon matsayi kan (HA055_80)
wato zamanin da sarki wen (HA055_81)
ne ga shi a yau an gano uku babu (HA055_82)
sHAgabannin nigeriya wannan wani irin abin kunya ne (HA055_83)
a cikin dakunan ibada suna (HA055_84)
shugabannin afirka suna nazarin kara karfin sojojin kiyaye zaman lafiya a somalia (HA055_85)
gadar da muka ambata a sama (HA055_86)
mulkin kasa abin da ake nufi (HA055_87)
'yan kallo da masu sauraro (HA055_88)
waje kasar sin ta yalwata (HA055_89)
shi ne birnin dake karkashin (HA055_90)
ba za ka iya HAdiye waHAlolin (HA055_91)
a HAkika dai ina farin ciki sosai (HA055_92)
yawan wakilai mata na sabon karo zai kai fiye da kashi ashirin da biyu cikin dari (HA055_93)
aka yi da wani irin dutse (HA055_94)
tutar kasar sin da tambarin (HA055_95)
tsinken cin abinci mai sigar musamman (HA055_96)
ya sa sun bin ya ba shi HAkuri (HA055_97)
a cikin shekara da shekaru (HA055_98)
lokaci ana kira shi kawancen (HA055_99)
da ya rubuta abun nan saboda (HA055_100)
shekara da shekaru ya tattara (HA055_101)
a wasu lokuta ya mai da HAnkali (HA055_102)
inda ya bayyana cewa (HA055_103)
shekara da HAka ne za su (HA055_104)
ta wace HAnya ce ake zaben mambobin majalisar (HA055_105)
'ina son zama a gidan ibada (HA055_106)
samu sakon leken asiri kan (HA055_107)
kawai ka kwafi rubutun da ke sama (HA055_108)
sun sa kafa a kasar HAbasHA (HA055_109)
iran za ta mayar da martani da dukkan karfinta (HA055_110)
bullowar wakokin yaba wa sarki (HA058_1)
zabi abin da kake so ka kalla (HA058_2)
sosai kan yadda zai iya rubuta (HA058_3)
zamanin da ya taba samun wadatuwa (HA058_4)
kasar sin ta kiyaye dangantakar aminci tsakaninta da kasar liberiya cikin dogon lokaci (HA058_5)
an kasance da kananan dauloli (HA058_6)
manoma suna yin wasa a kan (HA058_7)
wani sabon shirin kwamfuta ya gano HAnya mai nagarta ta yaki da maleriya labarai HAusa (HA058_8)
mataimakin shugaba na farko na kasar da kuma ali moHAmmed taHA (HA058_9)
duk wanda ya furta wa matarsa cewa (HA058_10)
a kan ko wace HAwa an yi (HA058_11)
yi bayani kan ingancin iska (HA058_12)
zamu tafi da tasi ne (HA058_13)
sosai da ya ji labarin nan (HA058_14)
cikin kasar sin wanda aka (HA058_15)
ilimin kimiyya ga kowa masu (HA058_16)
a karshe dai ta rera wakoki (HA058_17)
aka tambaye shi dalilin da (HA058_18)
sai a watan augusta na shekarar (HA058_19)
yanayi maras kyau sosai yana kan faruwa (HA058_20)
kan yi taruruka kuma sun yanke (HA058_21)
sojoji masu gadi ga kabarin (HA058_22)
gidan ibada na addinin buddah (HA058_23)
tashi daga kudu zuwa arewa (HA058_24)
kurkuku kuma ya kashe shi (HA058_25)
wakokin manas da rera su sun (HA058_26)
abubuwa a cikin wakoki da (HA058_27)
kasar sin zurfin ruwan bai (HA058_28)
sarkin chu ya aika da sojoji (HA058_29)
shekara mai zuwa ya yi jagorar (HA058_30)
'idan kuna da ko wane abu a nan gaba (HA058_31)
da ke tsakanin gabobi biyu (HA058_32)
an kawo karshen aikin bayan (HA058_33)
sin da layin HAdin ruwa na (HA058_34)
za a iya cin nasara HAr cikin (HA058_35)
ban da wannan kuma sarki li (HA058_36)
tun lokacin da ya ke yaro (HA058_37)
budda sun zama ginshiki na (HA058_38)
toure da ya sami goyon baya sosai (HA058_39)
an samu dan tsohon shugaba liberia da laifin azabtarwa (HA058_40)
wu da sauran mutane fiye da (HA058_41)
kasar sin ta zuba mutane (HA058_42)
da zuwa wata hukumar da ke (HA058_43)
bi da bi ne fadar qing ta (HA058_44)
yakin kwakwalwa akan juyin juya HAli (HA058_45)
a nan ina farin ciki a kowace rana (HA058_46)
yau ko da ya ke wasan kwaikwayon (HA058_47)
cewa mutanen kasar sin sun (HA058_48)
cikin littafi mai suna tarihin (HA058_49)
bayyana yanayin kauyuka da ayyukan (HA058_50)
shun ya yi kokarin bunkasa (HA058_51)
mai da karfin aiwatar da dokoki (HA058_52)
tsara wakoki HAr dubai akan (HA058_53)
baya dai suna da nasaba sosai (HA058_54)
shi a yau fuskarsa ya canza (HA058_55)
da aka samu daga wajen ayyukan (HA058_56)
shi ne yin sHAwarwari kan (HA058_57)
ta kasar sin domin kamfanin (HA058_58)
da ganin HAka sai mai (HA058_59)
wani injiniya da ke aikin gina wannan dam (HA058_60)
yasa ba za su iya bin sahun magabatansu ba (HA058_61)
cikin lafiya da kyau jimlar (HA058_62)
uku wadda yawan kudin cinikin (HA058_63)
da abin ya sHAfa da kungiyoyi (HA058_64)
wasan da ake yi a kan kasa (HA058_65)
iya ba da lantarki ta HAnyar (HA058_66)
shi ya sa muHAllin HAlittu (HA058_67)
sai ya yanke sHAwarar yin (HA058_68)
dalilin da ya sa aka samu (HA058_69)
a da kasar sin tana bukatar kudaden kasashen waje (HA058_70)
mutumin da ya fi shi idan (HA058_71)
HAkkokin da ran mutum yake da su a kansa (HA058_72)
tsananta matakan tsaro a birtaniyya (HA058_73)
mata biyu da ke a gaba da (HA058_74)
a duba jiHAr tibet daga tarihi (HA058_75)
kimiyya ga kowa da kowa ta (HA058_76)
yadda aka aiwatar da shi (HA058_77)
raba siyasar kasa da addini (HA058_78)
matarsa ta gaya mana wani labari game da shi (HA058_79)
in daliban da suka ci nasara (HA058_80)
wang ya gaya mana cewa (HA058_81)
tsarin sanin ka na tushe na (HA058_82)
yawan mutane a duniya ya zuwa (HA058_83)
koguna daga duk fannoni da (HA058_84)
kasar sin an ce watan mayu (HA058_85)
na kimiyya kuma tana da kolejoji (HA058_86)
ga sauran masu bugawa a kai (HA058_87)
kan aikin soja na daular shu (HA058_88)
ta yi biris da HAkikanan abubuwan (HA058_89)
noman auduga na sayarwa a (HA058_90)
da yawa a duniya tsarin bai (HA058_91)
yaba da wannan aiki na alheri (HA058_92)
musulunci kuma yana kira da (HA058_93)
kashi biyu bisa uku daga cikin (HA058_94)
a kansa akwai duwatsu masu (HA058_95)
aka kafa su a wuraren rairayi (HA058_96)
ikon tafiyar da HArkokin ta (HA058_97)
a takaice dai komai na da lokacinsa (HA058_98)
inda ta nuna yabo sosai ga dangantakar aminci tsakanin sin da liberiya (HA058_99)
ni ba zan tsaya ba (HA058_100)
tsara bisa tunanin da aka (HA058_101)
an ce ya kasance da HAnyoyi (HA058_102)
ya taba bi wajen neman kawar (HA058_103)
amma na gamsu da abubuwan da na saya (HA058_104)
shi ne babban dutse mafi tsayi (HA058_105)
masu mamaki da ruwa mai kyau (HA058_106)
yau ranar takwas ga wata (HA058_107)
wasu labarun tarihi da suka (HA058_108)
ta HAka ne za a samu sakamakon da ake bukata (HA072_1)
kotun koli larduna da jihohi (HA072_2)
a ran biyar ga watan fabrairu zai sauka a kasar namibiya (HA072_3)
wannan shi ne dalilin da ya (HA072_4)
shugaban kasar sin ya yi jawabi a rubuce cewa (HA072_5)
biyu sun kafa huldar yin HAdin (HA072_6)
HAka kuma akwai wata tatsuniya (HA072_7)
suna jin dadin zamansu cikin lumana (HA072_8)
ran maHAifinta ya zamanto fansa a gare ta (HA072_9)
bazara samari maza da mata (HA072_10)
tarihi an ce a wancan lokaci (HA072_11)
tarihi daya ce daga cikin (HA072_12)
bai daya a duk kasa (HA072_13)
kan bayan dragon' wata daban (HA072_14)
don kokarin samun maslaHAr sabanin dake tsakaninsu (HA072_15)
lokaci ne da aka fi samu ci (HA072_16)
ren ya kara da cewa (HA072_17)
za a yi HAzo a ran nan da (HA072_18)
lokaci da HAka ana kiran dakin (HA072_19)
kuma mun gabatar da dimbin sHAwara kan ayyukan musamman (HA072_20)
ba fayu ba wato in an shiga (HA072_21)
a ganinsa batun kulawa da (HA072_22)
masu yaki da juna ke ciki (HA072_23)
da ilmin tunani da dai sauran (HA072_24)
cikin kasashe masu kyaun guraben (HA072_25)
a gun taron manema labaru da aka saba yi a beijing (HA072_26)
kasa wato beijing na lokacin (HA072_27)
HAka sigar wurin ibadan na (HA072_28)
ya HAu kan kujerar mulkin (HA072_29)
kasar sin 'yan mata sukan (HA072_30)
da yi musu barka da sabuwar (HA072_31)
yanzu taiwan ya riga ya zama (HA072_32)
fasaHA da suke da nasaba sosai (HA072_33)
da yao ya gaya wa mutane (HA072_34)
matar sarki ta sHA giya ta bugu (HA072_35)
mawaka sama da gomai an zabi (HA072_36)
HAlayen musamman na nuna wasannin (HA072_37)
daban ne in an shiga wadansu (HA072_38)
bayan da turawan suka sHAfe shekaru suna mulkin kasar (HA072_39)
yi magana kai tsaye ta HAnyar (HA072_40)
domin jin kashin farko na tattaunarmu da aminu ala a filin a bari ya huce (HA072_41)
confucius da aka bayyana a (HA072_42)
shugaban kasar equatorial guinea ya iso beijing (HA072_43)
iya HAda tunani mai sauki (HA072_44)
ma ya nuna babbar godiya ga (HA072_45)
kasar sin za ta kyautatta tsarin shigi da fici (HA072_46)
an yi amfani da dabarun yin sauyi ga muHAlli (HA072_47)
waje da kone su ko sa su cikin (HA072_48)
da aka boye wadannan kayayyaki (HA072_49)
dao ana iya gani wurin tunawa (HA072_50)
rana ta kowace shekara mutane (HA072_51)
ya bincike yi kuma ya kera (HA072_52)
riga ya zama dakin nuna kayayyakin (HA072_53)
nan tana da babban dakin karatu (HA072_54)
sHAn ti ba HAr ma da akwai (HA072_55)
HAda aikin koyarwa da nuna (HA072_56)
daga wani fanni daban kuma (HA072_57)
za ta bayar da agaji (HA072_58)
da nahiyar amurka wato yawansu (HA072_59)
a ran hudu ga wata da sassafe (HA072_60)
a cikin shekaru sama da gomai da suka wuce (HA072_61)
yau na kullum idan ina da (HA072_62)
a kan dakalin da ake shirya (HA072_63)
ba HAtta ma sun kara fadakar (HA072_64)
yana da kyan gani kwarai da gaske (HA072_65)
idan an HAu kan wani dutsen (HA072_66)
sarkin chu wanda bai shirya (HA072_67)
ga kuma matsin tattalin arziki (HA072_68)
cutar kolera ta abkawa nigeria da kamaru (HA072_69)
mulki ya gaji da yalwata babbar (HA072_70)
ya kaurar da hedkwatar kasa (HA072_71)
alal misali kayan zane da (HA072_72)
domin yin gaba da kawancen (HA072_73)
ya dade ina da wata tambaya (HA072_74)
an rubuta wasu magunguna masu (HA072_75)
kasa wadda kungiyar ta sami (HA072_76)
li bo ya gaya mana cewa (HA072_77)
matsayin annabi isa a s (HA072_78)
irin farin jinin da imam ridHA a (HA072_79)
za a yi rashin lafiya (HA072_80)
hi ya sa karen ya kare ta (HA072_81)
kan tarihin kasar sin jihohin kiyaye HArajin kwastan (HA072_82)
tekun taiwan da asusun yin (HA072_83)
mai ba da ilmin kayayyakin (HA072_84)
birnin tianjin tare da tsohon (HA072_85)
a zamanin wei jin na tsakanin (HA072_86)
kamar yadda iyalan ni ke yi (HA072_87)
an HAbaka shi ne a masHAhuriyar jami (HA072_88)
dauloli shi ya sa mutane (HA072_89)
HAdin kan 'yan kasar nijar (HA072_90)
sai da tattaunawa zaa kafa gwamnati a labanan (HA072_91)
da sukari da takarda da jima (HA072_92)
ya yi fada da liu bang (HA072_93)
wanda ya dade yana aikin warkar (HA072_94)
tang an samun cigaba wajen (HA072_95)
kasar sin ke kare samun sigogin (HA072_96)
HAna dinkuwar taiwan da babban (HA072_97)
da ya zo daga kasar sin don (HA072_98)
ka sake ni ka sa na yi tsira (HA072_99)
sin shi ne 'jarumai sun yi (HA072_100)
