f o o   s à n n i   b a l 	(TRAJ_FF_BD_16kHz_noiseReduced_1)
k i i   f a a y   w à c c   f a   h e e g o o n   b a   d a   w à c c a a t 	(TRAJ_FF_BD_16kHz_noiseReduced_100)
k i i   f a a y   h é e g a a t 	(TRAJ_FF_BD_16kHz_noiseReduced_104)
g ó o r   a k   j i g é e n   l a ñ   f a ñ   t o o g   m a y   n a   k o   b a n a a n a 	(TRAJ_FF_BD_16kHz_noiseReduced_105)
g ó o r     g i   f a a y   w a a x u   c i   ñ a x   m i   j e m   c i   j i g é e n   j i   j i g é e n   j i   f a a y   n e l a w 	(TRAJ_FF_BD_16kHz_noiseReduced_106)
f a a y   s u m m i   m b u b   m i 	(TRAJ_FF_BD_16kHz_noiseReduced_107)
f a   s o l   ñ a a r i   m b u b b u 	(TRAJ_FF_BD_16kHz_noiseReduced_108)
f a   k o   t ë h e 	(TRAJ_FF_BD_16kHz_noiseReduced_109)
y e e n   ñ i   f e e n   c i   k o w   d o j   y i 	(TRAJ_FF_BD_16kHz_noiseReduced_11)
f a a y   d a w 	(TRAJ_FF_BD_16kHz_noiseReduced_110)
f a a y   s o l a a t   m b u m b   m i 	(TRAJ_FF_BD_16kHz_noiseReduced_112)
w a a w   s o l   n a   k o   b a   p a r e 	(TRAJ_FF_BD_16kHz_noiseReduced_113)
f a a y   w a a x u   c i   ñ a x   m i   r e k k 	(TRAJ_FF_BD_16kHz_noiseReduced_115)
x a w m a   f u m   j ë m 	(TRAJ_FF_BD_16kHz_noiseReduced_116)
k i i   f a a y   f i r i 	(TRAJ_FF_BD_16kHz_noiseReduced_118)
f a a y   j a r a t 	(TRAJ_FF_BD_16kHz_noiseReduced_119)
k i i   f a   t a x a w   w é e w   c i   d o j   c i   w e ñ   g i 	(TRAJ_FF_BD_16kHz_noiseReduced_12)
f a   d a w   h é e g   c i   g a r a b   d a a n   g i   j é g g i   n a   k o 	(TRAJ_FF_BD_16kHz_noiseReduced_121)
j i g é e n   g i   f a a y   s u m m i   m b u b b   m i   f a   t o o g 	(TRAJ_FF_BD_16kHz_noiseReduced_122)
x a m   n a a   f a   t à n g 	(TRAJ_FF_BD_16kHz_noiseReduced_123)
g u n e   g a a   n g e e   d o x   d a   d i k k 	(TRAJ_FF_BD_16kHz_noiseReduced_124)
f a a y   d a w   j i g é e n   j i   f a y   d a w   d e 	(TRAJ_FF_BD_16kHz_noiseReduced_127)
j i g é e n   j i   f a   d o x   d u g   c i   k o   d u g u b 	(TRAJ_FF_BD_16kHz_noiseReduced_13)
j i g é e n   g i   f a   m a y   n d o x   m i   g ó o r   g i 	(TRAJ_FF_BD_16kHz_noiseReduced_14)
j i g é e n   g i   f a a y   m a a b u 	(TRAJ_FF_BD_16kHz_noiseReduced_15)
f a   d o x   d u g g u   c i   b i i r   g a r a b   y i 	(TRAJ_FF_BD_16kHz_noiseReduced_16)
ñ i i   ñ o o m   n ë p p   a   b ë g g   a   d u g g u   c i   n d o x   m i 	(TRAJ_FF_BD_16kHz_noiseReduced_17)
j i g é e n   j i   d a f a   t ë d d   c i   ñ a x   m i   g ó o r   g a a   n g e   d o x   d a   d e m 	(TRAJ_FF_BD_16kHz_noiseReduced_18)
j i g é e n   g a a   n g e e   d o x   c i   b i i r   g a r a b   y i 	(TRAJ_FF_BD_16kHz_noiseReduced_19)
g ó o r   g i   f a   d a w   h é e g   t ë b   x e e r   w i 	(TRAJ_FF_BD_16kHz_noiseReduced_20)
g ó o r   g i   f a a y   d o x   d u g g   c i   g a r a b   y i 	(TRAJ_FF_BD_16kHz_noiseReduced_22)
g ó o r   g a ŋ   c i   b i i r   g a r a b   y i 	(TRAJ_FF_BD_16kHz_noiseReduced_23)
f a a y   d o x   j ë m   c i   g a r a b   y i 	(TRAJ_FF_BD_16kHz_noiseReduced_24)
f a a y   l e e m   m a l a a n   m i 	(TRAJ_FF_BD_16kHz_noiseReduced_26)
f a   d u g g u   c i   b i i r   g a r a b   y i 	(TRAJ_FF_BD_16kHz_noiseReduced_28)
g u n e   g i   h é g g a l a t   n a   c i   y i 	(TRAJ_FF_BD_16kHz_noiseReduced_29)
j i g é e n   j i i   f a a y   l a l   m a l a a n 	(TRAJ_FF_BD_16kHz_noiseReduced_3)
f a   l a l   b a s a a   b i   d a 	(TRAJ_FF_BD_16kHz_noiseReduced_30)
m u   n g a a   n a a n   n d o x 	(TRAJ_FF_BD_16kHz_noiseReduced_31)
m u   n e   h u t   h é e g   c i   d o j   w i   t ë b   d u g   c i   n d o x   m i 	(TRAJ_FF_BD_16kHz_noiseReduced_32)
h é e g   c i   d o j   w i   r e k k   t ë b   d a l   d i   s u u f   d a   d a w 	(TRAJ_FF_BD_16kHz_noiseReduced_33)
g ó o r   g i   f a   t o o g   c i   s u u f   j ë l   k a r n e   b i   d a   b i n d 	(TRAJ_FF_BD_16kHz_noiseReduced_34)
g u n e   f a a y   t ë b   c i   d o j   w i 	(TRAJ_FF_BD_16kHz_noiseReduced_35)
g ó o r   ñ e e k   j i g é e n   ñ i   f a ñ u   t o o g   g ó o r   g i   r o m b   n a   l e e n 	(TRAJ_FF_BD_16kHz_noiseReduced_36)
j i g é e n   g i   f a   n g ë b   s i w o   b i   d u g g   c i   n a x   m i 	(TRAJ_FF_BD_16kHz_noiseReduced_4)
g u n e   g a a   n g e e   f o   a r e k k 	(TRAJ_FF_BD_16kHz_noiseReduced_40)
f a ñ o o   b a l   g ó o r   g e e k   j i g é e n 	(TRAJ_FF_BD_16kHz_noiseReduced_41)
f a   d a w   d u g g u   c i   n d o x   m i 	(TRAJ_FF_BD_16kHz_noiseReduced_42)
j i g é e n   j i   f a a y   d u g g   c i   n a x   m i 	(TRAJ_FF_BD_16kHz_noiseReduced_43)
j i g é e n   j i   f a   l a l   b a s a a   b i   b a   p a r e   t o o g   c i 	(TRAJ_FF_BD_16kHz_noiseReduced_44)
k i i   f a   t ë d d   c i   ñ a x   m i   d a     n e l a w 	(TRAJ_FF_BD_16kHz_noiseReduced_45)
f a ñ o o   d o x   c i   b i i r   g a r a b   y i 	(TRAJ_FF_BD_16kHz_noiseReduced_46)
k i i   f a a y   d o x   h a w   c i   y o o n   w i 	(TRAJ_FF_BD_16kHz_noiseReduced_47)
f a a y   h é e g   c i   k o w 	(TRAJ_FF_BD_16kHz_noiseReduced_49)
g u n e   g i   f a   h é e g   c i   d o j   w i 	(TRAJ_FF_BD_16kHz_noiseReduced_5)
f a   g é n n   c i   ñ a x   m i 	(TRAJ_FF_BD_16kHz_noiseReduced_50)
f a a y   s a n g u   c i   n d o x   m i 	(TRAJ_FF_BD_16kHz_noiseReduced_51)
f a a y   d a w 	(TRAJ_FF_BD_16kHz_noiseReduced_52)
f a a y   d o x   s o l u t   m b u b 	(TRAJ_FF_BD_16kHz_noiseReduced_53)
g ó o r   g i   f a a y   d e m   r o m b   n a   p a ñ e   b i 	(TRAJ_FF_BD_16kHz_noiseReduced_54)
f a ñ o o   d o x   d a   d e m   j i g é e n   ñ i 	(TRAJ_FF_BD_16kHz_noiseReduced_55)
h é e g   n a ñ   c i   k o w   w à c c a a t 	(TRAJ_FF_BD_16kHz_noiseReduced_56)
ñ e t t i   j i g é e n   ñ i   f a ñ   s a x a w   c i   k o w   c i   w e ñ   g i 	(TRAJ_FF_BD_16kHz_noiseReduced_57)
g ó o r   g a   f a   l e e n   r o m b u 	(TRAJ_FF_BD_16kHz_noiseReduced_58)
f a a y   d o x   d a   d e m 	(TRAJ_FF_BD_16kHz_noiseReduced_59)
j i g é e n   j i   f a a y   d o x   c i   ñ a x   m i 	(TRAJ_FF_BD_16kHz_noiseReduced_6)
j i g é e n   j i   f a a y   d o x   c i   ñ a x   m i 	(TRAJ_FF_BD_16kHz_noiseReduced_65)
f a a y   l e k k   b a n a a n a 	(TRAJ_FF_BD_16kHz_noiseReduced_66)
k i i   f a a y   d o x   c i   ñ a x   m i   d a   d e m   c i   g a r a b   y i 	(TRAJ_FF_BD_16kHz_noiseReduced_67)
j i g é e n   j i   f a   g é n n e e   c i   g a r a b   y i 	(TRAJ_FF_BD_16kHz_noiseReduced_69)
d u g g a a t   n a   c i   b i i r   g a r a b   y i 	(TRAJ_FF_BD_16kHz_noiseReduced_70)
f a a y   d a w   g ó o r   g i 	(TRAJ_FF_BD_16kHz_noiseReduced_71)
f a a y   d a w   r o m b u   g a r a b   g i 	(TRAJ_FF_BD_16kHz_noiseReduced_72)
f a a y   d o x   c i   k o w   ñ a x   m i   m u   n g a a y   w a a x u 	(TRAJ_FF_BD_16kHz_noiseReduced_73)
f a   j a a t   c i   y o o n   w i 	(TRAJ_FF_BD_16kHz_noiseReduced_75)
m u   n g i   w a a x u   b ë g g   a   h é e e g   c i   d o j   w i 	(TRAJ_FF_BD_16kHz_noiseReduced_76)
j i g é e n   g i   f a   g é n n e e   f   l ë n d ë m   f a a y   w a a x u   r e g   n a g 	(TRAJ_FF_BD_16kHz_noiseReduced_77)
j i g é e n   j i   f a   j ë l   s i w o   b i   h é e g 	(TRAJ_FF_BD_16kHz_noiseReduced_8)
f a   n e   c i   g a r a b   g i   d e   g ó o r   g i   f a   h a m   l u   m o o y   d a g g 	(TRAJ_FF_BD_16kHz_noiseReduced_80)
f a   m e l   n i   d o o m   l a 	(TRAJ_FF_BD_16kHz_noiseReduced_82)
j i g é e n   j i   f a a y   d a w   y i   r o m b u   n a   g a r a b   g i 	(TRAJ_FF_BD_16kHz_noiseReduced_83)
f a a y   s i m m i   d à l l   y i 	(TRAJ_FF_BD_16kHz_noiseReduced_84)
f a   h é e g   c i   b a s a a   b i   t a x a w 	(TRAJ_FF_BD_16kHz_noiseReduced_85)
f a a y   s o l a a t   d à l l   y i 	(TRAJ_FF_BD_16kHz_noiseReduced_86)
s o l a a t   n a   k o   b a   p a r e 	(TRAJ_FF_BD_16kHz_noiseReduced_87)
j i g é e n   j i   f a a y   w a a x u   d a   d e m   d a a n 	(TRAJ_FF_BD_16kHz_noiseReduced_89)
g ó o r   g e e k   j i g é e n   j i   f a ñ o o   b a l 	(TRAJ_FF_BD_16kHz_noiseReduced_9)
k é e   f a   h é e g   c i   d o j   w i 	(TRAJ_FF_BD_16kHz_noiseReduced_90)
k e n e e n   g u n e   g i   h é e g a a t   n a   c i 	(TRAJ_FF_BD_16kHz_noiseReduced_91)
k i i   f a   d u g g u   c i   b i i r   t o o l a b   m b o q u   b i 	(TRAJ_FF_BD_16kHz_noiseReduced_92)
f a a y   w a x   d a r o m b u   y o o n   w i 	(TRAJ_FF_BD_16kHz_noiseReduced_93)
k i i   f a   t o o g   c i   p e g g   n d o x   m i   l a   t o o g   m u   n g a a y   s à n n i 	(TRAJ_FF_BD_16kHz_noiseReduced_95)
p i c c i 	(TRAJ_FF_BD_16kHz_noiseReduced_96)
k i i   f a a y   w a a x u   c i   ñ a x     m i   d e   f a   t a x a w   c i   g a r a b   g i 	(TRAJ_FF_BD_16kHz_noiseReduced_98)
